******************************************************************************
            TI ARM Clang Linker PC v2.1.2                      
******************************************************************************
>> Linked Wed May 10 17:22:04 2023

OUTPUT FILE NAME:   <adapted_simple_central_LP_CC2652RB_tirtos7_ticlang.out>
ENTRY POINT SYMBOL: "ResetISR"  address: 0001b573


MEMORY CONFIGURATION

         name            origin    length      used     unused   attr    fill
----------------------  --------  ---------  --------  --------  ----  --------
  FLASH                 00000000   00056000  00022bde  00033422  R  X
  FLASH_LAST_PAGE       00056000   00002000  00000058  00001fa8  R  X
  RTOS_SRAM             20000000   0000012c  000000d8  00000054  RW X
  SRAM                  20000fdf   00013021  000029fe  00010623  RW X


SEGMENT ALLOCATION MAP

run origin  load origin   length   init length attrs members
----------  ----------- ---------- ----------- ----- -------
00000000    00000000    0001ebe4   0001ebe4    r-x
  00000000    00000000    0000003c   0000003c    r-- .resetVecs
  00000040    00000040    0001bca0   0001bca0    r-x .text
  0001bce0    0001bce0    00002b32   00002b32    r-- .rodata
  0001e814    0001e814    000003d0   000003d0    r-- .cinit
00048000    00048000    00004000   00000000    rw-
  00048000    00048000    00004000   00000000    rw- .TI.bound:flashBuf0
00057fa8    00057fa8    00000058   00000058    r--
  00057fa8    00057fa8    00000058   00000058    r-- .ccfg
20001810    20001810    00000010   00000000    rw-
  20001810    20001810    00000010   00000000    rw- .TI.bound:dmaUart0RxControlTableEntry
20001820    20001820    000025ee   00000000    rw-
  20001820    20001820    00000010   00000000    rw- .TI.bound:dmaUart0TxControlTableEntry
  20001830    20001830    00000b9e   00000000    rw- .data
  200023d0    200023d0    00001a3e   00000000    rw- .bss
20013c00    20013c00    00000400   00000000    rw-
  20013c00    20013c00    00000400   00000000    rw- .stack


SECTION ALLOCATION MAP

 output                                  attributes/
section   page    origin      length       input sections
--------  ----  ----------  ----------   ----------------
.resetVecs 
*          0    00000000    0000003c     
                  00000000    0000003c     ti_sysbios_config.o (.resetVecs)

.cinit     0    0001e814    000003d0     
                  0001e814    0000038b     (.cinit..data.load) [load image, compression = lzss]
                  0001eb9f    00000001     --HOLE-- [fill = 0]
                  0001eba0    0000000c     (__TI_handler_table)
                  0001ebac    00000008     (.cinit..TI.bound:dmaUart0RxControlTableEntry.load) [load image, compression = zero_init]
                  0001ebb4    00000008     (.cinit..TI.bound:dmaUart0TxControlTableEntry.load) [load image, compression = zero_init]
                  0001ebbc    00000008     (.cinit..bss.load) [load image, compression = zero_init]
                  0001ebc4    00000020     (__TI_cinit_table)

.init_array 
*          0    00000000    00000000     UNINITIALIZED

.TI.bound:flashBuf0 
*          0    00048000    00004000     UNINITIALIZED
                  00048000    00004000     ti_drivers_config.o (.TI.bound:flashBuf0)

.ccfg      0    00057fa8    00000058     
                  00057fa8    00000058     ti_devices_config.o (.ccfg)

.vecs      0    20000000    000000d8     NOLOAD SECTION
                  20000000    000000d8     ti_sysbios_config.o (.vecs)

.TI.bound:dmaUart0RxControlTableEntry 
*          0    20001810    00000010     UNINITIALIZED
                  20001810    00000010     ti_drivers_config.o (.TI.bound:dmaUart0RxControlTableEntry)

.TI.bound:dmaUart0TxControlTableEntry 
*          0    20001820    00000010     UNINITIALIZED
                  20001820    00000010     ti_drivers_config.o (.TI.bound:dmaUart0TxControlTableEntry)

.data      0    20001830    00000b9e     UNINITIALIZED
                  20001830    00000174     drivers_cc26x2.a : PowerCC26X2.c.obj (.data.PowerCC26X2_module)
                  200019a4    000000f4     StackWrapper.a : gapbondmgr.o (.data)
                  20001a98    000000b0     OneLib.a : gapgattserver.o (.data)
                  20001b48    0000007c     ti_drivers_config.o (.data.gpioPinConfigs)
                  20001bc4    00000078     icall.o (.data..L_MergedGlobals.1)
                  20001c3c    00000068     rf_multiMode_cc26x2.a : RFCC26X2_multiMode.c.cc26x2.ticlang.o (.data..L_MergedGlobals.1)
                  20001ca4    00000004     drivers_cc26x2.a : TemperatureCC26X2.c.obj (.data..L_MergedGlobals)
                  20001ca8    00000068     ti_sysbios_config.o (.data..L_MergedGlobals.70)
                  20001d10    00000068     ti_sysbios_config.o (.data..L_MergedGlobals)
                  20001d78    00000068     ti_sysbios_config.o (.data.ti_sysbios_knl_Clock_Module_state)
                  20001de0    00000064     rf_multiMode_cc26x2.a : RFCC26X2_multiMode.c.cc26x2.ticlang.o (.data..L_MergedGlobals.3)
                  20001e44    00000064     OneLib.a : ll_config.o (.data)
                  20001ea8    00000060     ti_radio_config.o (.data.pOverrides_bleCommon)
                  20001f08    00000058     rf_multiMode_cc26x2.a : RFCC26X2_multiMode.c.cc26x2.ticlang.o (.data..L_MergedGlobals.2)
                  20001f60    00000050     ti_radio_config.o (.data.txPowerTable_2400_pa5)
                  20001fb0    00000044     simple_central.o (.data..L_MergedGlobals.68)
                  20001ff4    00000040     OneLib.a : gattservapp.o (.data)
                  20002034    00000040              : sm_pairing.o (.data)
                  20002074    0000003c     icall_user_config.o (.data.nvintfFncStruct)
                  200020b0    0000003c     ti_sysbios_config.o (.data.ti_sysbios_knl_Task_Module_state)
                  200020ec    00000038     drivers_cc26x2.a : TRNGCC26XX.c.obj (.data..L_MergedGlobals.1)
                  20002124    00000004     icall.o (.data.ICall_dispatcher)
                  20002128    00000030     drivers_cc26x2.a : TRNGCC26XX.c.obj (.data..L_MergedGlobals)
                  20002158    00000028     nvocmp.o (.data..L_MergedGlobals.1)
                  20002180    00000028     board_key.o (.data..L_MergedGlobals)
                  200021a8    00000028     simple_central.o (.data..L_MergedGlobals)
                  200021d0    00000024     ble_user_config.o (.data.eccParams_NISTP256)
                  200021f4    0000001c     ti_radio_config.o (.data.pOverrides_ble2Mbps)
                  20002210    00000018     drivers_cc26x2.a : PowerCC26X2.c.obj (.data.PowerCC26X2_hposcRtcCompNotifyObj)
                  20002228    00000018     ti_radio_config.o (.data.pOverrides_ble1Mbps)
                  20002240    00000015     ti_ble_config.o (.data.attDeviceName)
                  20002255    00000001     drivers_cc26x2.a : AESCTRCC26XX.c.obj (.data.AESCTR_isInitialized)
                  20002256    00000002     ble_user_config.o (.data.bleUserCfg_maxPduSize)
                  20002258    00000014     icall.o (.data..L_MergedGlobals)
                  2000226c    00000014     ti_radio_config.o (.data.pOverrides_bleCoded)
                  20002280    00000014     StackWrapper.a : osal.o (.data)
                  20002294    00000013     display_cc26x2.a : DisplayUart2.c.obj (.data.DisplayUart2Ansi_escInitial)
                  200022a7    00000010     ti_ble_config.o (.data..L_MergedGlobals)
                  200022b7    00000001     nvocmp.o (.data.NVOCMP_failF)
                  200022b8    00000010     ti_radio_config.o (.data.RF_modeBle)
                  200022c8    00000010     driverlib.lib : osc.o (.data._hposcCoeffs)
                  200022d8    00000010     icall_user_config.o (.data.bleAppServiceInfoTable)
                  200022e8    00000010     main.o (.data.user0Cfg)
                  200022f8    00000010     OneLib.a : gattservapp.o (.data)
                  20002308    00000010              : ll_data.o (.data)
                  20002318    0000000c     drivers_cc26x2.a : NVSCC26XX.c.obj (.data..L_MergedGlobals)
                  20002324    00000008     two_btn_menu.o (.data..L_MergedGlobals.7)
                  2000232c    00000008     icall_cc2650.o (.data..L_MergedGlobals)
                  20002334    00000008     rf_multiMode_cc26x2.a : RFCC26X2_multiMode.c.cc26x2.ticlang.o (.data..L_MergedGlobals)
                  2000233c    00000008     two_btn_menu.o (.data..L_MergedGlobals)
                  20002344    00000008     rf_multiMode_cc26x2.a : RFCC26X2_multiMode.c.cc26x2.ticlang.o (.data.RFCC26XX_schedulerPolicy)
                  2000234c    00000008     ti_sysbios_config.o (.data.ti_sysbios_gates_GateMutexPri_Module_state)
                  20002354    00000008     ti_sysbios_config.o (.data.ti_sysbios_heaps_HeapCallback_Module_state)
                  2000235c    00000008     ti_sysbios_config.o (.data.ti_sysbios_knl_Event_state)
                  20002364    00000008     ti_sysbios_config.o (.data.ti_sysbios_knl_Semaphore_Module_state)
                  2000236c    00000008     OneLib.a : gapgattserver.o (.data)
                  20002374    00000008              : ll_master_end_causes.o (.data)
                  2000237c    00000005     display_cc26x2.a : DisplayUart2.c.obj (.data.DisplayUart2Ansi_escClearScreen)
                  20002381    00000001     drivers_cc26x2.a : PKAResourceCC26XX.c.obj (.data.PKAResourceCC26XX_pollingFlag)
                  20002382    00000002     OneLib.a : ll.o (.data)
                  20002384    00000004     rf_multiMode_cc26x2.a : RFCC26X2_multiMode.c.cc26x2.ticlang.o (.data.RF_fsmActiveState.lfClockSourceLast)
                  20002388    00000004     libc.a : _lock.c.obj (.data._lock)
                  2000238c    00000004            : _lock.c.obj (.data._unlock)
                  20002390    00000004     ble_user_config.o (.data.appAssertCback)
                  20002394    00000004     board_key.o (.data.appKeyChangeHandler)
                  20002398    00000004     ble_user_config_stack.o (.data.icallServiceTblPtr)
                  2000239c    00000004     ti_ble_config.o (.data.pRandomAddress)
                  200023a0    00000004     icall_api_lite.o (.data.pRfErrCb)
                  200023a4    00000004     icall_api_lite.o (.data.pfnBMAlloc)
                  200023a8    00000004     icall_api_lite.o (.data.pfnBMFree)
                  200023ac    00000004     StackWrapper.a : hal_assert.o (.data)
                  200023b0    00000002     OneLib.a : ll_config.o (.data)
                  200023b2    00000002     StackWrapper.a : osal_cbtimer.o (.data)
                  200023b4    00000001     rf_multiMode_cc26x2.a : rf_patch_cpe_bt5.c.cc26x2.ticlang.o (.data.bBt5PatchEntered)
                  200023b5    00000001     drivers_cc26x2.a : GPIOCC26X2.c.obj (.data.initCalled)
                  200023b6    00000001                      : AESCCMCC26XX.c.obj (.data.isInitialized)
                  200023b7    00000001                      : AESCTRDRBGXX.c.obj (.data.isInitialized)
                  200023b8    00000001                      : AESECBCC26XX.c.obj (.data.isInitialized)
                  200023b9    00000001                      : CryptoResourceCC26XX.c.obj (.data.isInitialized)
                  200023ba    00000001                      : ECDHCC26X2.c.obj (.data.isInitialized)
                  200023bb    00000001                      : NVS.c.obj (.data.isInitialized)
                  200023bc    00000001                      : PKAResourceCC26XX.c.obj (.data.isInitialized)
                  200023bd    00000001                      : TemperatureCC26X2.c.obj (.data.isInitialized)
                  200023be    00000001     OneLib.a : gapgattserver.o (.data)
                  200023bf    00000001              : gapgattserver.o (.data)
                  200023c0    00000001              : gapgattserver.o (.data)
                  200023c1    00000001              : gapgattserver.o (.data)
                  200023c2    00000001              : gapgattserver.o (.data)
                  200023c3    00000001              : gapgattserver.o (.data)
                  200023c4    00000001              : gattservapp.o (.data)
                  200023c5    00000001              : gattservapp.o (.data)
                  200023c6    00000001              : ll.o (.data)
                  200023c7    00000001              : ll_ae.o (.data)
                  200023c8    00000001              : ll_data.o (.data)
                  200023c9    00000001              : ll_scheduler.o (.data)
                  200023ca    00000001              : sm_task.o (.data)
                  200023cb    00000001     StackWrapper.a : gap.o (.data)
                  200023cc    00000001                    : gap.o (.data)
                  200023cd    00000001                    : hal_assert.o (.data)

.bss       0    200023d0    00001a3e     UNINITIALIZED
                  200023d0    00000400     (.common:scTaskStack)
                  200027d0    00000300     (.common:ti_sysbios_knl_Idle_taskStack)
                  20002ad0    000002c0     rf_multiMode_cc26x2.a : RFCC26X2_multiMode.c.cc26x2.ticlang.o (.bss.RF_cmdPool)
                  20002d90    00000170     (.common:uart2CC26X2Objects)
                  20002f00    00000140     simple_central.o (.bss.connList)
                  20003040    00000100     OneLib.a : ll.o (.bss)
                  20003140    000000d8     (.common:ti_sysbios_family_arm_m3_Hwi_dispatchTable)
                  20003218    000000a0              : ll_ae.o (.bss)
                  200032b8    00000084     (.common:trngCC26XXObjects)
                  2000333c    00000080     ti_drivers_config.o (.bss.displayUART2Buffer)
                  200033bc    0000007c     (.common:gpioCallbackFunctions)
                  20003438    0000007c     (.common:gpioUserArgs)
                  200034b4    00000078     StackWrapper.a : osal_cbtimer.o (.bss)
                  2000352c    00000004     simple_central.o (.bss.SimpleCentral_menuSwitchCb.pAddrs)
                  20003530    00000068     rf_multiMode_cc26x2.a : RFCC26X2_multiMode.c.cc26x2.ticlang.o (.bss.RF_ratModule)
                  20003598    00000060     (.common:ti_sysbios_knl_ClockSupport_timerStruct)
                  200035f8    00000058     (.common:scTask)
                  20003650    00000058     (.common:ti_sysbios_knl_Idle_taskStruct)
                  200036a8    00000054     (.common:aesctrdrbgXXObjects)
                  200036fc    00000050     (.common:CryptoResourceCC26XX_accessSemaphore)
                  2000374c    00000050     (.common:CryptoResourceCC26XX_operationSemaphore)
                  2000379c    00000050     (.common:PKAResourceCC26XX_accessSemaphore)
                  200037ec    00000050     (.common:PKAResourceCC26XX_operationSemaphore)
                  2000383c    00000044                           : RFCC26X2_multiMode.c.cc26x2.ticlang.o (.bss.RF_clkInactivityObj)
                  20003880    00000044                           : RFCC26X2_multiMode.c.cc26x2.ticlang.o (.bss.RF_clkPowerUpObj)
                  200038c4    00000040     (.common:aesctrCC26XXObjects)
                  20003904    0000003c                           : RFCC26X2_multiMode.c.cc26x2.ticlang.o (.bss.RF_swiHwObj)
                  20003940    0000003c     StackWrapper.a : osal_snv_wrapper.o (.bss)
                  2000397c    00000030     (.common:ti_sysbios_knl_Swi_readyQs)
                  200039ac    00000030     (.common:ti_sysbios_knl_Task_readyQs)
                  200039dc    0000002e     (.common:NVOCMP_nvHandle)
                  20003a0a    00000002     OneLib.a : gapgattserver.o (.bss)
                  20003a0c    00000024              : ll.o (.bss)
                  20003a30    00000024     (.common:aesecbCC26XXObjects)
                  20003a54    00000020     ti_drivers_config.o (.bss.uart2RxRingBuffer0)
                  20003a74    00000020     ti_drivers_config.o (.bss.uart2TxRingBuffer0)
                  20003a94    00000020     OneLib.a : gattservapp.o (.bss)
                  20003ab4    00000020     StackWrapper.a : gapbondmgr.o (.bss)
                  20003ad4    00000020                    : gapbondmgr.o (.bss)
                  20003af4    00000020     (.common:ecdhCC26X2Objects)
                  20003b14    00000020     (.common:ti_sysbios_runtime_System_atexitHandlers)
                  20003b34    00000020     (.common:udmaCC26XXObject)
                  20003b54    0000001c     drivers_cc26x2.a : TemperatureCC26X2.c.obj (.bss.batmonHwi)
                  20003b70    0000001c                      : GPIOCC26X2.c.obj (.bss.gpioHwi)
                  20003b8c    0000001c     (.common:BIOS_heapCallbackObject)
                  20003ba8    0000001c     (.common:BIOS_rtsGate)
                  20003bc4    0000001c     (.common:CryptoResourceCC26XX_hwi)
                  20003be0    0000001c     (.common:PKAResourceCC26XX_hwi)
                  20003bfc    00000018     OneLib.a : gapgattserver.o (.bss)
                  20003c14    00000018     (.common:aesccmCC26XXObjects)
                  20003c2c    00000014     drivers_cc26x2.a : Random.c.obj (.bss.state)
                  20003c40    00000014     (.common:scMenuAutoConnect)
                  20003c54    00000014     (.common:scMenuConnPhy)
                  20003c68    00000014     (.common:scMenuConnect)
                  20003c7c    00000014     (.common:scMenuGattWrite)
                  20003c90    00000014     (.common:scMenuMain)
                  20003ca4    00000014     (.common:scMenuPerConn)
                  20003cb8    00000014     (.common:scMenuScanPhy)
                  20003ccc    00000014     (.common:scMenuSelectConn)
                  20003ce0    00000010     OneLib.a : ll.o (.bss)
                  20003cf0    0000000f     util.o (.bss.Util_convertBdAddr2Str.str)
                  20003cff    00000001     OneLib.a : gapgattserver.o (.bss)
                  20003d00    0000000c              : ll.o (.bss)
                  20003d0c    0000000c              : ll.o (.bss)
                  20003d18    0000000c              : ll_scheduler.o (.bss)
                  20003d24    0000000c     (.common:displayUart2Object)
                  20003d30    00000008     drivers_cc26x2.a : TemperatureCC26X2.c.obj (.bss.notificationList)
                  20003d38    00000008     OneLib.a : ll.o (.bss)
                  20003d40    00000008              : ll.o (.bss)
                  20003d48    00000008              : ll_ae.o (.bss)
                  20003d50    00000008     StackWrapper.a : gapbondmgr.o (.bss)
                  20003d58    00000004     driverlib.lib : osc.o (.bss.oscHfGlobals.0)
                  20003d5c    00000004                   : osc.o (.bss.oscHfGlobals.2)
                  20003d60    00000004                   : osc.o (.bss.oscHfGlobals.3)
                  20003d64    00000004                   : osc.o (.bss.oscHfGlobals.4)
                  20003d68    00000004     drivers_cc26x2.a : ECDHCC26X2.c.obj (.bss.resultPKAMemAddr)
                  20003d6c    00000004     OneLib.a : gapgattserver.o (.bss)
                  20003d70    00000004              : gattservapp.o (.bss)
                  20003d74    00000004              : linkdb.o (.bss)
                  20003d78    00000004              : ll.o (.bss)
                  20003d7c    00000004              : ll.o (.bss)
                  20003d80    00000004              : ll.o (.bss)
                  20003d84    00000004              : ll.o (.bss)
                  20003d88    00000004              : ll.o (.bss)
                  20003d8c    00000004              : ll_ae.o (.bss)
                  20003d90    00000004              : ll_common.o (.bss)
                  20003d94    00000004              : ll_enc.o (.bss)
                  20003d98    00000004              : ll_privacy.o (.bss)
                  20003d9c    00000004     StackWrapper.a : gapbondmgr.o (.bss)
                  20003da0    00000004                    : gapbondmgr.o (.bss)
                  20003da4    00000004                    : osal.o (.bss)
                  20003da8    00000004                    : osal.o (.bss)
                  20003dac    00000004                    : osal.o (.bss)
                  20003db0    00000004                    : osal.o (.bss)
                  20003db4    00000004                    : osal.o (.bss)
                  20003db8    00000004                    : osal.o (.bss)
                  20003dbc    00000004                    : osal_bufmgr.o (.bss)
                  20003dc0    00000004                    : osal_clock.o (.bss)
                  20003dc4    00000004                    : osal_clock.o (.bss)
                  20003dc8    00000004                    : osal_timers.o (.bss)
                  20003dcc    00000004                    : osal_timers.o (.bss)
                  20003dd0    00000004                    : osal_timers.o (.bss)
                  20003dd4    00000004     (.common:HEAPMGR_SIZE)
                  20003dd8    00000004     (.common:PowerCC26XX_swiKey)
                  20003ddc    00000004     (.common:PowerCC26XX_taskKey)
                  20003de0    00000004     (.common:tasksEvents)
                  20003de4    00000004     (.common:ti_sysbios_family_arm_cc26xx_TimestampProvider_Module_state)
                  20003de8    00000004     (.common:ti_sysbios_knl_Task_defaultStackHeap)
                  20003dec    00000002     OneLib.a : ll.o (.bss)
                  20003dee    00000002              : ll_ae.o (.bss)
                  20003df0    00000002     StackWrapper.a : osal_pwrmgr.o (.bss)
                  20003df2    00000001     OneLib.a : gattservapp.o (.bss)
                  20003df3    00000001              : hci_tl.o (.bss)
                  20003df4    00000001              : hci_tl.o (.bss)
                  20003df5    00000001              : hci_tl.o (.bss)
                  20003df6    00000001              : hci_tl.o (.bss)
                  20003df7    00000001              : hci_tl.o (.bss)
                  20003df8    00000001              : hci_tl.o (.bss)
                  20003df9    00000001              : ll.o (.bss)
                  20003dfa    00000001              : ll.o (.bss)
                  20003dfb    00000001              : ll.o (.bss)
                  20003dfc    00000001              : ll.o (.bss)
                  20003dfd    00000001              : ll.o (.bss)
                  20003dfe    00000001              : ll_ae.o (.bss)
                  20003dff    00000001              : ll_config.o (.bss)
                  20003e00    00000001              : ll_config.o (.bss)
                  20003e01    00000001              : ll_enc.o (.bss)
                  20003e02    00000001              : ll_isr.o (.bss)
                  20003e03    00000001              : sm_task.o (.bss)
                  20003e04    00000001     StackWrapper.a : ble_dispatch_lite.o (.bss)
                  20003e05    00000001                    : gapbondmgr.o (.bss)
                  20003e06    00000001                    : gapbondmgr.o (.bss)
                  20003e07    00000001                    : hal_assert.o (.bss)
                  20003e08    00000001                    : osal.o (.bss)
                  20003e09    00000001                    : osal_pwrmgr.o (.bss)
                  20003e0a    00000001     (.common:NVOCMP_size)
                  20003e0b    00000001     (.common:gAction)
                  20003e0c    00000001     (.common:nvsCC26XXObjects)
                  20003e0d    00000001     (.common:tbmRowItemLast)

.vtable    0    20003e0e    00000000     UNINITIALIZED

.vtable_ram 
*          0    20003e0e    00000000     UNINITIALIZED

vtable_ram 
*          0    20003e0e    00000000     UNINITIALIZED

.sysmem    0    20003e0e    00000000     UNINITIALIZED

.nonretenvar 
*          0    20003e0e    00000000     UNINITIALIZED

.stack     0    20013c00    00000400     UNINITIALIZED
                  20013c00    00000004     sysbios.a : boot_cortex_m.obj (.stack)
                  20013c04    000003fc     --HOLE--

.text      0    00000040    0001bca0     
                  00000040    00000be0     StackWrapper.a : gapbondmgr.o (.text)
                  00000c20    00000ad4     simple_central.o (.text.SimpleCentral_taskFxn)
                  000016f4    000007c0     OneLib.a : ll_scheduler.o (.text)
                  00001eb4    000006ec     StackWrapper.a : gapbondmgr.o (.text)
                  000025a0    000005ea     driverlib.lib : osc.o (.text.findHposcCoefficients)
                  00002b8a    00000002     ti_sysbios_config.o (.text.BIOS_nullFunc)
                  00002b8c    000005e8     simple_central.o (.text.SimpleCentral_processAppMsg)
                  00003174    00000498     rf_multiMode_cc26x2.a : RFCC26X2_multiMode.c.cc26x2.ticlang.o (.text.RF_fsmActiveState)
                  0000360c    00000480     OneLib.a : ble.o (.text)
                  00003a8c    0000047c              : ll_isr.o (.text)
                  00003f08    00000448              : ll.o (.text)
                  00004350    000003c4              : ll_ae.o (.text)
                  00004714    0000038c              : ll_scheduler.o (.text)
                  00004aa0    00000348              : ll_ae.o (.text)
                  00004de8    00000340     ti_sysbios_config.o (.text.ti_sysbios_runtime_System_doPrint)
                  00005128    00000320     OneLib.a : ble.o (.text)
                  00005448    000002c8              : ll_isr.o (.text)
                  00005710    000002b4     simple_central_menu.o (.text.SimpleCentral_buildMenu)
                  000059c4    000002b0     StackWrapper.a : gapbondmgr.o (.text)
                  00005c74    000002a8     nvocmp.o (.text.NVOCMP_initNvApi)
                  00005f1c    000002a0     nvocmp.o (.text.NVOCMP_compactPage)
                  000061bc    0000029c     rf_multiMode_cc26x2.a : RFCC26X2_multiMode.c.cc26x2.ticlang.o (.text.RF_open)
                  00006458    00000294     OneLib.a : ll.o (.text)
                  000066ec    0000025c              : ll_common.o (.text)
                  00006948    0000025c              : ll_master_end_causes.o (.text)
                  00006ba4    0000025c     StackWrapper.a : gapbondmgr.o (.text)
                  00006e00    00000254     drivers_cc26x2.a : ECDHCC26X2.c.obj (.text.ECDHCC26X2_hwiFxn)
                  00007054    0000024c     nvocmp.o (.text.NVOCMP_addItem)
                  000072a0    0000024c     OneLib.a : ll_data.o (.text)
                  000074ec    00000248              : ll_ae.o (.text)
                  00007734    00000204              : gattservapp.o (.text)
                  00007938    00000204              : ll_master_end_causes.o (.text)
                  00007b3c    000001f0     drivers_cc26x2.a : UART2CC26X2.c.obj (.text.UART2CC26X2_hwiIntFxn)
                  00007d2c    000001e8     rf_multiMode_cc26x2.a : RFCC26X2_multiMode.c.cc26x2.ticlang.o (.text.RF_scheduleCmd)
                  00007f14    000001e8     OneLib.a : ll.o (.text)
                  000080fc    000001e0     StackWrapper.a : osal.o (.text)
                  000082dc    000001dc     rf_multiMode_cc26x2.a : RFCC26X2_multiMode.c.cc26x2.ticlang.o (.text.RF_dispatchNextCmd)
                  000084b8    000001d8     OneLib.a : ll_isr.o (.text)
                  00008690    000001c0     ble_user_config_stack.o (.text.setBleUserConfig)
                  00008850    000001b6     libclang_rt.builtins.a : adddf3.S.obj (.text)
                  00008a06    00000002     ti_drivers_config.o (.text.Board_initHook)
                  00008a08    00000198     OneLib.a : ll_common.o (.text)
                  00008ba0    00000196              : ll_common.o (.text)
                  00008d36    00000002     ble_user_config.o (.text.DefaultAssertCback)
                  00008d38    00000194     drivers_cc26x2.a : PowerCC26X2_calibrateRCOSC.c.obj (.text.PowerCC26X2_auxISR)
                  00008ecc    00000188                      : AESECBCC26XX.c.obj (.text.AESECB_addDataInternal)
                  00009054    00000188     OneLib.a : ll_isr.o (.text)
                  000091dc    0000017c     drivers_cc26x2.a : ECDHCC26X2.c.obj (.text.ECDH_computeSharedSecret)
                  00009358    0000017c                      : UART2CC26X2.c.obj (.text.UART2_open)
                  000094d4    0000017c     OneLib.a : sm_intpairing.o (.text)
                  00009650    00000174     drivers_cc26x2.a : UART2.c.obj (.text.UART2_writeTimeoutBlocking)
                  000097c4    00000174     OneLib.a : gattservapp.o (.text)
                  00009938    00000174              : ll_scheduler.o (.text)
                  00009aac    0000016c     drivers_cc26x2.a : AESCCMCC26XX.c.obj (.text.AESCCM_startOperation)
                  00009c18    0000016c     OneLib.a : ll.o (.text)
                  00009d84    00000168              : ll_ae.o (.text)
                  00009eec    00000162     StackWrapper.a : osal.o (.text)
                  0000a04e    00000002     display_cc26x2.a : DisplayUart2.c.obj (.text.DisplayUart2Ansi_init)
                  0000a050    00000160     icall.o (.text.ICall_waitMatch)
                  0000a1b0    00000158     drivers_cc26x2.a : AESCTRCC26XX.c.obj (.text.AESCTR_processData)
                  0000a308    00000158                      : PowerCC26X2.c.obj (.text.Power_sleep)
                  0000a460    00000158     OneLib.a : ll_common.o (.text)
                  0000a5b8    00000154     simple_central.o (.text.SimpleCentral_doAutoConnect)
                  0000a70c    00000150     OneLib.a : gap_task.o (.text)
                  0000a85c    0000014c              : ll_isr.o (.text)
                  0000a9a8    00000148     rf_multiMode_cc26x2.a : RFCC26X2_multiMode.c.cc26x2.ticlang.o (.text.RF_radioOpDoneCb)
                  0000aaf0    00000144     ti_sysbios_config.o (.text.ti_sysbios_runtime_System_printfExtend)
                  0000ac34    00000144     StackWrapper.a : gap.o (.text)
                  0000ad78    00000140     OneLib.a : gattservapp.o (.text)
                  0000aeb8    0000013c     simple_central.o (.text.SimpleCentral_menuSwitchCb)
                  0000aff4    00000134     rf_multiMode_cc26x2.a : RFCC26X2_multiMode.c.cc26x2.ticlang.o (.text.RF_ratSetupChannel)
                  0000b128    00000134     driverlib.lib : osc.o (.text.findHposcPc)
                  0000b25c    00000130                   : aes.o (.text.NOROM_AESWriteToKeyStore)
                  0000b38c    00000130     OneLib.a : ll_isr.o (.text)
                  0000b4bc    0000012c     rf_multiMode_cc26x2.a : RFCC26X2_multiMode.c.cc26x2.ticlang.o (.text.RF_close)
                  0000b5e8    0000012c                           : RFCC26X2_multiMode.c.cc26x2.ticlang.o (.text.RF_fsmSetupState)
                  0000b714    0000012c     drivers_cc26x2.a : TRNGCC26XX.c.obj (.text.TRNGCC26XX_hwiFxn)
                  0000b840    00000124     rf_multiMode_cc26x2.a : RFCC26X2_multiMode.c.cc26x2.ticlang.o (.text.RF_abortCmd)
                  0000b964    00000120     nvocmp.o (.text.NVOCMP_findItem)
                  0000ba84    00000120     ti_sysbios_config.o (.text.ti_sysbios_family_arm_cc26xx_Timer_construct)
                  0000bba4    00000120     OneLib.a : ll_common.o (.text)
                  0000bcc4    00000120              : ll_data.o (.text)
                  0000bde4    0000011c     sysbios.a : Hwi_asm_gnu.obj (.text.ti_sysbios_family_arm_m3_Hwi_dispatch)
                  0000bf00    0000011a     drivers_cc26x2.a : UART2.c.obj (.text.UART2_writeTimeoutNonblocking)
                  0000c01a    00000002     rom_init.o (.text.MAP_HCI_CteRequestFailedEvent)
                  0000c01c    00000118     drivers_cc26x2.a : PowerCC26X2.c.obj (.text.Power_init)
                  0000c134    00000118     rf_multiMode_cc26x2.a : RFCC26X2_multiMode.c.cc26x2.ticlang.o (.text.RF_decodeOverridePointers)
                  0000c24c    00000114     OneLib.a : ll_common.o (.text)
                  0000c360    00000114              : ll_isr.o (.text)
                  0000c474    0000010c     drivers_cc26x2.a : ECDHCC26X2.c.obj (.text.ECDH_generatePublicKey)
                  0000c580    0000010c                      : PowerCC26X2_calibrateRCOSC.c.obj (.text.PowerCC26X2_calibrate)
                  0000c68c    0000010c     OneLib.a : gatt_client.o (.text)
                  0000c798    00000108     drivers_cc26x2.a : NVSCC26XX.c.obj (.text.NVSCC26XX_write)
                  0000c8a0    00000108     rf_multiMode_cc26x2.a : RFCC26X2_multiMode.c.cc26x2.ticlang.o (.text.RF_fsmPowerUpState)
                  0000c9a8    00000104     drivers_cc26x2.a : GPIOCC26X2.c.obj (.text.GPIO_init)
                  0000caac    00000104                      : UART2CC26X2.c.obj (.text.UART2CC26X2_initHw)
                  0000cbb0    000000fe     OneLib.a : ll_scheduler.o (.text)
                  0000ccae    00000002     rom_init.o (.text.MAP_llClearPeriodicAdvSets)
                  0000ccb0    000000fc     rf_multiMode_cc26x2.a : RFCC26X2_multiMode.c.cc26x2.ticlang.o (.text.RF_hwiCpe0Active)
                  0000cdac    000000fc     OneLib.a : ll_scheduler.o (.text)
                  0000cea8    000000fc     libclang_rt.builtins.a : muldf3.S.obj (.text)
                  0000cfa4    000000f8     drivers_cc26x2.a : TRNGCC26XX.c.obj (.text.TRNG_getRandom)
                  0000d09c    000000f6                      : AESCTRDRBGXX.c.obj (.text.AESCTRDRBG_getRandomBytes)
                  0000d192    00000002     rom_init.o (.text.MAP_llClearPeriodicScanSets)
                  0000d194    000000f4     driverlib.lib : sys_ctrl.o (.text.NOROM_SysCtrlStandby)
                  0000d288    000000f0     drivers_cc26x2.a : UART2CC26X2.c.obj (.text.UART2Support_dmaStartRx)
                  0000d378    000000f0     OneLib.a : ll_ae.o (.text)
                  0000d468    000000f0              : ll_master_end_causes.o (.text)
                  0000d558    000000f0     StackWrapper.a : gapbondmgr.o (.text)
                  0000d648    000000ec     OneLib.a : ll_common.o (.text)
                  0000d734    000000e8              : ll_isr.o (.text)
                  0000d81c    000000e4     driverlib.lib : setup.o (.text.NOROM_SetupTrimDevice)
                  0000d900    000000e4     ti_sysbios_config.o (.text.ti_sysbios_knl_Semaphore_pend)
                  0000d9e4    000000e4     OneLib.a : gapgattserver.o (.text)
                  0000dac8    000000e0     ti_sysbios_config.o (.text.ti_sysbios_knl_Event_pend)
                  0000dba8    000000e0     OneLib.a : ll_scheduler.o (.text)
                  0000dc88    000000e0     StackWrapper.a : osal_timers.o (.text)
                  0000dd68    000000dc     rf_multiMode_cc26x2.a : RFCC26X2_multiMode.c.cc26x2.ticlang.o (.text.RF_control)
                  0000de44    000000dc     OneLib.a : ll_ae.o (.text)
                  0000df20    000000d8     ti_sysbios_config.o (.text.ti_sysbios_family_arm_m3_Hwi_excFillContext)
                  0000dff8    000000d8     OneLib.a : ll_isr.o (.text)
                  0000e0d0    000000d0     drivers_cc26x2.a : PowerCC26X2.c.obj (.text.configureXOSCHF)
                  0000e1a0    000000cc                      : AESCTRDRBGXX.c.obj (.text.AESCTRDRBG_construct)
                  0000e26c    000000cc     ti_sysbios_config.o (.text.ti_sysbios_knl_Clock_workFuncDynamic)
                  0000e338    000000cc     OneLib.a : hci_event.o (.text)
                  0000e404    000000cc     StackWrapper.a : osal.o (.text)
                  0000e4d0    000000ca     rf_multiMode_cc26x2.a : RFCC26X2_multiMode.c.cc26x2.ticlang.o (.text.RF_updatePaConfiguration)
                  0000e59a    00000002     rom_init.o (.text.MAP_llCoexInit)
                  0000e59c    000000c8     OneLib.a : gap_scanner.o (.text)
                  0000e664    000000c8              : gapgattserver.o (.text)
                  0000e72c    000000c8              : ll.o (.text)
                  0000e7f4    000000c6     drivers_cc26x2.a : AESCTRDRBGXX.c.obj (.text.AESCTRDRBG_reseed)
                  0000e8ba    000000c4     driverlib.lib : setup.o (.text.TrimAfterColdResetWakeupFromShutDown)
                  0000e97e    00000002     rom_init.o (.text.MAP_llCoexSetParams)
                  0000e980    000000c4     ti_ble_config.o (.text.setBondManagerParameters)
                  0000ea44    000000c0     main.o (.text.AssertHandler)
                  0000eb04    000000c0     OneLib.a : ll.o (.text)
                  0000ebc4    000000bc     rf_multiMode_cc26x2.a : RFCC26X2_multiMode.c.cc26x2.ticlang.o (.text.RF_swiHw)
                  0000ec80    000000bc     drivers_cc26x2.a : UART2CC26X2.c.obj (.text.UART2Support_dmaStartTx)
                  0000ed3c    000000bc     OneLib.a : ble.o (.text)
                  0000edf8    000000bc              : ll_ecc.o (.text)
                  0000eeb4    000000bc              : ll_scheduler.o (.text)
                  0000ef70    000000b8     ti_sysbios_config.o (.text.ti_sysbios_knl_Task_Instance_finalize)
                  0000f028    000000b8     OneLib.a : ll.o (.text)
                  0000f0e0    000000b8     StackWrapper.a : gapbondmgr.o (.text)
                  0000f198    000000b8                    : gattservapp_util.o (.text)
                  0000f250    000000b6     driverlib.lib : osc.o (.text.NOROM_OSC_HPOSCInitializeFrequencyOffsetParameters)
                  0000f306    000000b4                   : osc.o (.text.NOROM_OSCHF_AttemptToSwitchToXosc)
                  0000f3ba    00000002     rom_init.o (.text.MAP_llCoexUpdateCounters)
                  0000f3bc    000000b4     ti_sysbios_config.o (.text.PowerCC26XX_standbyPolicy)
                  0000f470    000000b4     drivers_cc26x2.a : PowerCC26X2.c.obj (.text.Power_releaseDependency)
                  0000f524    000000b4     ti_sysbios_config.o (.text.ti_sysbios_knl_Task_setPri)
                  0000f5d8    000000b0     drivers_cc26x2.a : PowerCC26X2.c.obj (.text.Power_setDependency)
                  0000f688    000000b0     OneLib.a : ll.o (.text)
                  0000f738    000000b0              : ll_enc.o (.text)
                  0000f7e8    000000b0     libclang_rt.builtins.a : udivmoddi4.S.obj (.text)
                  0000f898    000000ac     rf_multiMode_cc26x2.a : RFCC26X2_multiMode.c.cc26x2.ticlang.o (.text.RF_pendCmd)
                  0000f944    000000ac     OneLib.a : ll_ae.o (.text)
                  0000f9f0    000000ac              : ll_scheduler.o (.text)
                  0000fa9c    000000a8     drivers_cc26x2.a : TemperatureCC26X2.c.obj (.text.temperatureHwiFxn)
                  0000fb44    000000a8     OneLib.a : hci_data.o (.text)
                  0000fbec    000000a8              : ll.o (.text)
                  0000fc94    000000a8              : ll_common.o (.text)
                  0000fd3c    000000a8     StackWrapper.a : gapbondmgr.o (.text)
                  0000fde4    000000a4     icall.o (.text.ICall_heapMalloc)
                  0000fe88    000000a4     rf_multiMode_cc26x2.a : RFCC26X2_multiMode.c.cc26x2.ticlang.o (.text.RF_initRadioSetup)
                  0000ff2c    000000a4     ti_sysbios_config.o (.text.ti_sysbios_knl_Task_Instance_init)
                  0000ffd0    000000a4     OneLib.a : ll_ae.o (.text)
                  00010074    000000a4     StackWrapper.a : gapbondmgr.o (.text)
                  00010118    000000a4                    : osal_cbtimer.o (.text)
                  000101bc    000000a0     rf_multiMode_cc26x2.a : RFCC26X2_multiMode.c.cc26x2.ticlang.o (.text.RF_calculateDispatchTime)
                  0001025c    000000a0     simple_central.o (.text.SimpleCentral_doConnUpdate)
                  000102fc    000000a0     OneLib.a : gap_scanner.o (.text)
                  0001039c    000000a0              : gattservapp.o (.text)
                  0001043c    000000a0              : ll_common.o (.text)
                  000104dc    000000a0              : ll_scheduler.o (.text)
                  0001057c    0000009c     drivers_cc26x2.a : AESCTRCC26XX.c.obj (.text.AESCTR_startOneStepOperation)
                  00010618    0000009c     display_cc26x2.a : DisplayUart2.c.obj (.text.DisplayUart2Ansi_clearLines)
                  000106b4    0000009c     OneLib.a : ll_common.o (.text)
                  00010750    0000009c              : ll_ecc.o (.text)
                  000107ec    0000009a     drivers_cc26x2.a : UART2.c.obj (.text.UART2_writeCancel)
                  00010886    00000002     rom_init.o (.text.MAP_llDmmDynamicFree)
                  00010888    00000098     nvocmp.o (.text.NVOCMP_erase)
                  00010920    00000098     rf_multiMode_cc26x2.a : RFCC26X2_multiMode.c.cc26x2.ticlang.o (.text.RF_defaultSubmitPolicy)
                  000109b8    00000098     drivers_cc26x2.a : UART2CC26X2.c.obj (.text.UART2_close)
                  00010a50    00000098     OneLib.a : gattservapp.o (.text)
                  00010ae8    00000098              : hci_event.o (.text)
                  00010b80    00000098              : ll_ae.o (.text)
                  00010c18    00000096     rf_multiMode_cc26x2.a : RFCC26X2_multiMode.c.cc26x2.ticlang.o (.text.RF_verifyGap)
                  00010cae    00000002     rom_init.o (.text.MAP_llDmmSetThreshold)
                  00010cb0    00000094     rf_multiMode_cc26x2.a : RFCC26X2_multiMode.c.cc26x2.ticlang.o (.text.RF_hposcRfCompensateFxn)
                  00010d44    00000094                           : RFCC26X2_multiMode.c.cc26x2.ticlang.o (.text.RF_ratRestartChannels)
                  00010dd8    00000094     ti_sysbios_config.o (.text.ti_sysbios_knl_Clock_startI)
                  00010e6c    00000094     ti_sysbios_config.o (.text.ti_sysbios_knl_Task_sleep)
                  00010f00    00000094     OneLib.a : gatt_server.o (.text)
                  00010f94    00000094              : ll.o (.text)
                  00011028    00000094              : ll_ae.o (.text)
                  000110bc    00000094              : ll_common.o (.text)
                  00011150    00000094              : ll_scheduler.o (.text)
                  000111e4    00000092              : gap_task.o (.text)
                  00011276    00000002     rom_init.o (.text.MAP_llHealthUpdate)
                  00011278    00000090     display_cc26x2.a : DisplayUart2.c.obj (.text.DisplayUart2Ansi_vprintf)
                  00011308    00000090     osal_icall_ble.o (.text.osalInitTasks)
                  00011398    00000090     OneLib.a : ll.o (.text)
                  00011428    00000090              : ll_ae.o (.text)
                  000114b8    00000090              : ll_common.o (.text)
                  00011548    0000008c     drivers_cc26x2.a : GPIOCC26XX.c.obj (.text.GPIO_setConfig)
                  000115d4    0000008c     simple_central.o (.text.SimpleCentral_autoConnect)
                  00011660    0000008c     drivers_cc26x2.a : TRNGCC26XX.c.obj (.text.TRNG_construct)
                  000116ec    0000008c     ti_sysbios_config.o (.text.ti_sysbios_knl_Clock_init)
                  00011778    00000088     rf_multiMode_cc26x2.a : RFCC26X2_multiMode.c.cc26x2.ticlang.o (.text.RF_cmdDispatchTime)
                  00011800    00000088                           : RFCC26X2_multiMode.c.cc26x2.ticlang.o (.text.RF_discardPendCmd)
                  00011888    00000088     simple_central.o (.text.SimpleCentral_doGattWrite)
                  00011910    00000088     simple_central.o (.text.SimpleCentral_doRssiRead)
                  00011998    00000088     StackWrapper.a : osal_cbtimer.o (.text)
                  00011a20    00000084     icall.o (.text.ICall_setTimer)
                  00011aa4    00000084     nvocmp.o (.text.NVOCMP_readHeader)
                  00011b28    00000084     rf_multiMode_cc26x2.a : RFCC26X2_multiMode.c.cc26x2.ticlang.o (.text.RF_getInfo)
                  00011bac    00000084     simple_central.o (.text.SimpleCentral_doSelectConn)
                  00011c30    00000080     drivers_cc26x2.a : AESCTRCC26XX.c.obj (.text.AESCTR_hwiFxn)
                  00011cb0    00000080     driverlib.lib : sys_ctrl.o (.text.NOROM_SysCtrlSetRechargeBeforePowerDown)
                  00011d30    00000080     drivers_cc26x2.a : UART2CC26X2.c.obj (.text.UART2Support_dmaStopTx)
                  00011db0    00000080                      : NVSCC26XX.c.obj (.text.doErase)
                  00011e30    00000080     ti_sysbios_config.o (.text.ti_sysbios_family_arm_m3_Hwi_initNVIC)
                  00011eb0    00000080     ti_sysbios_config.o (.text.ti_sysbios_gates_GateMutexPri_enter)
                  00011f30    00000080     OneLib.a : ll_enc.o (.text)
                  00011fb0    0000007e     driverlib.lib : chipinfo.o (.text.NOROM_ChipInfo_GetChipType)
                  0001202e    0000007e     OneLib.a : gap_task.o (.text)
                  000120ac    0000007c     rf_multiMode_cc26x2.a : RFCC26X2_multiMode.c.cc26x2.ticlang.o (.text.RF_ratDisableChannel)
                  00012128    0000007c     icall.o (.text.icall_directAPI)
                  000121a4    0000007c     two_btn_menu.o (.text.tbm_displayItemPage)
                  00012220    0000007c     ti_sysbios_config.o (.text.ti_sysbios_family_arm_m3_Hwi_postInit)
                  0001229c    0000007c     OneLib.a : ll_common.o (.text)
                  00012318    0000007c     StackWrapper.a : gapbondmgr.o (.text)
                  00012394    0000007a     OneLib.a : gattservapp.o (.text)
                  0001240e    00000002     rom_init.o (.text.MAP_llPeriodicScan_PostProcess)
                  00012410    00000078     board_key.o (.text.Board_initKeys)
                  00012488    00000078     icall.o (.text.ICall_heapInit)
                  00012500    00000078     driverlib.lib : osc.o (.text.NOROM_OSCHF_SwitchToRcOscTurnOffXosc)
                  00012578    00000078                   : osc.o (.text.NOROM_OSC_CapArrayAdjustWorkaround_Boot)
                  000125f0    00000078     drivers_cc26x2.a : NVSCC26XX.c.obj (.text.NVSCC26XX_open)
                  00012668    00000078     rf_multiMode_cc26x2.a : RFCC26X2_multiMode.c.cc26x2.ticlang.o (.text.RF_ratFreeChannel)
                  000126e0    00000078     ti_sysbios_config.o (.text.ti_sysbios_knl_Task_postInit)
                  00012758    00000078     OneLib.a : l2cap_task.o (.text)
                  000127d0    00000078              : ll_common.o (.text)
                  00012848    00000078     StackWrapper.a : osal_cbtimer.o (.text)
                  000128c0    00000076     OneLib.a : ll_common.o (.text)
                  00012936    00000076     StackWrapper.a : gap.o (.text)
                  000129ac    00000074     drivers_cc26x2.a : AESCTRDRBGXX.c.obj (.text.AESCTRDRBGXX_updateState)
                  00012a20    00000074                      : ECDHCC26X2.c.obj (.text.ECDHCC26X2_getKeyResult)
                  00012a94    00000074     nvocmp.o (.text.NVOCMP_readItemApi)
                  00012b08    00000074     drivers_cc26x2.a : PowerCC26X2_calibrateRCOSC_helpers.c.obj (.text.PowerCC26X2_updateSubSecInc)
                  00012b7c    00000074     rf_multiMode_cc26x2.a : RFCC26X2_multiMode.c.cc26x2.ticlang.o (.text.RF_hwiHw)
                  00012bf0    00000074     simple_central.o (.text.SimpleCentral_doConnect)
                  00012c64    00000074     drivers_cc26x2.a : TemperatureCC26X2.c.obj (.text.Temperature_init)
                  00012cd8    00000074     ti_sysbios_config.o (.text.ti_sysbios_knl_Swi_restoreHwi)
                  00012d4c    00000074     ti_sysbios_config.o (.text.ti_sysbios_knl_Task_startup)
                  00012dc0    00000074     OneLib.a : ll_enc.o (.text)
                  00012e34    00000072     driverlib.lib : osc.o (.text.NOROM_OSC_HPOSCRtcCompensate)
                  00012ea6    00000002     rom_init.o (.text.MAP_llProcessPeriodicScanRxFIFO)
                  00012ea8    00000070     drivers_cc26x2.a : AESCCMCC26XX.c.obj (.text.AESCCM_cleanup)
                  00012f18    00000070                      : AESCTRCC26XX.c.obj (.text.AESCTR_construct)
                  00012f88    00000070     icall_cc2650.o (.text.ICallPlatform_pwrUpdActivityCounter)
                  00012ff8    00000070     icall.o (.text.ICall_createRemoteTasksAtRuntime)
                  00013068    00000070     ti_sysbios_config.o (.text.ti_sysbios_family_arm_m3_Hwi_Instance_init)
                  000130d8    00000070     ti_sysbios_config.o (.text.ti_sysbios_runtime_System_formatNum)
                  00013148    00000070     OneLib.a : gatt_server.o (.text)
                  000131b8    00000070              : ll_ae.o (.text)
                  00013228    00000070              : ll_common.o (.text)
                  00013298    00000070              : ll_enc.o (.text)
                  00013308    00000070     StackWrapper.a : osal.o (.text)
                  00013378    0000006e     libclang_rt.builtins.a : comparedf2.c.obj (.text.__gedf2)
                  000133e6    00000002     rom_init.o (.text.MAP_llSetPeriodicSyncInfo)
                  000133e8    0000006e     libclang_rt.builtins.a : comparedf2.c.obj (.text.__ledf2)
                  00013456    0000006e     OneLib.a : gatt_server.o (.text)
                  000134c4    0000006c     icall.o (.text.ICall_wait)
                  00013530    0000006c     nvocmp.o (.text.NVOCMP_eraseNvApi)
                  0001359c    0000006c     nvocmp.o (.text.NVOCMP_writeItemApi)
                  00013608    0000006c     rf_multiMode_cc26x2.a : RFCC26X2_multiMode.c.cc26x2.ticlang.o (.text.RF_issueRadioFreeCb)
                  00013674    0000006c     drivers_cc26x2.a : Random.c.obj (.text.Random_seedAutomatic)
                  000136e0    0000006c     ti_sysbios_config.o (.text.ti_sysbios_family_arm_m3_Hwi_dispatchC)
                  0001374c    0000006c     OneLib.a : ll_isr.o (.text)
                  000137b8    0000006c              : ll_scheduler.o (.text)
                  00013824    0000006c     StackWrapper.a : osal_cbtimer.o (.text)
                  00013890    0000006a     nvocmp.o (.text.NVOCMP_verifyCRC)
                  000138fa    0000006a     libc.a : copy_decompress_lzss.c.obj (.text:decompress:lzss)
                  00013964    00000068     drivers_cc26x2.a : AESECBCC26XX.c.obj (.text.AESECB_construct)
                  000139cc    00000068                      : AESECBCC26XX.c.obj (.text.AESECB_hwiFxn)
                  00013a34    00000068     icall.o (.text.ICall_enrollService)
                  00013a9c    00000068     icall.o (.text.ICall_send)
                  00013b04    00000068     icall.o (.text.ICall_sendServiceComplete)
                  00013b6c    00000068     rf_multiMode_cc26x2.a : RFCC26X2_multiMode.c.cc26x2.ticlang.o (.text.RF_detachOverrides)
                  00013bd4    00000068     drivers_cc26x2.a : UART2CC26X2.c.obj (.text.UART2Support_dmaStopRx)
                  00013c3c    00000068     two_btn_menu.o (.text.tbm_displayItem)
                  00013ca4    00000068     ti_sysbios_config.o (.text.ti_sysbios_knl_Event_post)
                  00013d0c    00000068     ti_sysbios_config.o (.text.ti_sysbios_knl_Swi_run)
                  00013d74    00000068     OneLib.a : gap_task.o (.text)
                  00013ddc    00000068              : gattservapp.o (.text)
                  00013e44    00000068              : ll.o (.text)
                  00013eac    00000068              : ll_ae.o (.text)
                  00013f14    00000068     StackWrapper.a : osal_timers.o (.text)
                  00013f7c    00000066     OneLib.a : ll_common.o (.text)
                  00013fe2    00000066     StackWrapper.a : icall_lite_translation.o (.text)
                  00014048    00000064     drivers_cc26x2.a : AESCCMCC26XX.c.obj (.text.AESCCM_hwiFxn)
                  000140ac    00000064     display_cc26x2.a : DisplayUart2.c.obj (.text.DisplayUart2Ansi_open)
                  00014110    00000064     drivers_cc26x2.a : PowerCC26X2_calibrateRCOSC.c.obj (.text.PowerCC26X2_initiateCalibration)
                  00014174    00000064     rf_multiMode_cc26x2.a : RFCC26X2_multiMode.c.cc26x2.ticlang.o (.text.RF_attachOverrides)
                  000141d8    00000064                           : RFCC26X2_multiMode.c.cc26x2.ticlang.o (.text.RF_dispatchNextEvent)
                  0001423c    00000064                           : RFCC26X2_multiMode.c.cc26x2.ticlang.o (.text.RF_hwiCpe0PowerFsm)
                  000142a0    00000064     drivers_cc26x2.a : UDMACC26XX.c.obj (.text.UDMACC26XX_open)
                  00014304    00000064                      : PowerCC26X2.c.obj (.text.oscillatorISR)
                  00014368    00000064     ti_sysbios_config.o (.text.ti_sysbios_gates_GateMutexPri_leave)
                  000143cc    00000064     ti_sysbios_config.o (.text.ti_sysbios_knl_Idle_init)
                  00014430    00000064     ti_sysbios_config.o (.text.ti_sysbios_knl_TaskSupport_buildTaskStack)
                  00014494    00000064     OneLib.a : gapgattserver.o (.text)
                  000144f8    00000064              : gattservapp.o (.text)
                  0001455c    00000064              : ll_isr.o (.text)
                  000145c0    00000064              : ll_scheduler.o (.text)
                  00014624    00000062     rf_multiMode_cc26x2.a : RFCC26X2_multiMode.c.cc26x2.ticlang.o (.text.RF_syncCb)
                  00014686    00000002     rom_init.o (.text.MAP_llSlave_TaskEnd)
                  00014688    00000062     libclang_rt.builtins.a : aeabi_dcmp.S.obj (.text)
                  000146ea    00000002     rom_init.o (.text.MAP_llTerminatePeriodicScan)
                  000146ec    00000060     drivers_cc26x2.a : CryptoResourceCC26XX.c.obj (.text.CryptoResourceCC26XX_constructRTOSObjects)
                  0001474c    00000060     nvocmp.o (.text.NVOCMP_checkItem)
                  000147ac    00000060     drivers_cc26x2.a : PKAResourceCC26XX.c.obj (.text.PKAResourceCC26XX_constructRTOSObjects)
                  0001480c    00000060     simple_central.o (.text.SimpleCentral_doSetScanPhy)
                  0001486c    00000060     main.o (.text.main)
                  000148cc    00000060     osal_icall_ble.o (.text.stack_main)
                  0001492c    00000060     ti_sysbios_config.o (.text.ti_sysbios_knl_Clock_walkQueueDynamic)
                  0001498c    00000060     ti_sysbios_config.o (.text.ti_sysbios_knl_Semaphore_post)
                  000149ec    00000060     ti_sysbios_config.o (.text.ti_sysbios_knl_Swi_schedule)
                  00014a4c    00000060     OneLib.a : ll_ae.o (.text)
                  00014aac    00000060              : ll_common.o (.text)
                  00014b0c    00000060              : sm_pairing.o (.text)
                  00014b6c    00000060     StackWrapper.a : gapbondmgr.o (.text)
                  00014bcc    0000005e     rf_multiMode_cc26x2.a : rfc.c.cc26x2.ticlang.o (.text.NOROM_RFCAnaDivTxOverride)
                  00014c2a    0000005e     OneLib.a : ll_common.o (.text)
                  00014c88    0000005c     drivers_cc26x2.a : TRNGCC26XX.c.obj (.text.TRNGCC26XX_startTrng)
                  00014ce4    0000005c     libclang_rt.builtins.a : divmoddi4.c.obj (.text.__divmoddi4)
                  00014d40    0000005c     OneLib.a : gap_perilinkmgr.o (.text)
                  00014d9c    0000005c              : ll_isr.o (.text)
                  00014df8    0000005c              : ll_scheduler.o (.text)
                  00014e54    0000005c              : sm_intpairing.o (.text)
                  00014eb0    0000005c              : sm_rsppairing.o (.text)
                  00014f0c    0000005a              : hci.o (.text)
                  00014f66    00000002     rom_init.o (.text.MAP_llUpdateCteState)
                  00014f68    00000058     drivers_cc26x2.a : ECDHCC26X2.c.obj (.text.ECDH_construct)
                  00014fc0    00000058     icall.o (.text.HEAPMGR_GETLARGESTFREEBUF)
                  00015018    00000058     icall.o (.text.ICall_fetchMsg)
                  00015070    00000058     rf_multiMode_cc26x2.a : RFCC26X2_multiMode.c.cc26x2.ticlang.o (.text.RF_applyRfCorePatch)
                  000150c8    00000058     simple_central.o (.text.SimpleCentral_doSetConnPhy)
                  00015120    00000058     drivers_cc26x2.a : TRNGCC26XX.c.obj (.text.TRNG_init)
                  00015178    00000058     sysbios.a : Hwi_asm_switch_gnu.obj (.text.ti_sysbios_family_arm_m3_Hwi_initStacks)
                  000151d0    00000058     OneLib.a : ll_ae.o (.text)
                  00015228    00000058              : ll_common.o (.text)
                  00015280    00000058              : ll_enc.o (.text)
                  000152d8    00000058              : sm_pairing.o (.text)
                  00015330    00000058     StackWrapper.a : sm_ecc.o (.text)
                  00015388    00000056     drivers_cc26x2.a : StructRingBuf.c.obj (.text.StructRingBuf_put)
                  000153de    00000056                      : UART2.c.obj (.text.UART2_readCancel)
                  00015434    00000054                      : AESCCMCC26XX.c.obj (.text.AESCCM_construct)
                  00015488    00000054     icall.o (.text.ICall_registerApp)
                  000154dc    00000054     nvocmp.o (.text.NVOCMP_compactNvApi)
                  00015530    00000054     nvocmp.o (.text.NVOCMP_getDstPage)
                  00015584    00000054     rf_multiMode_cc26x2.a : RFCC26X2_multiMode.c.cc26x2.ticlang.o (.text.RF_fsmXOSCState)
                  000155d8    00000054                           : RFCC26X2_multiMode.c.cc26x2.ticlang.o (.text.RF_getCurrentTime)
                  0001562c    00000054     simple_central.o (.text.SimpleCentral_CancelRssi)
                  00015680    00000054     util.o (.text.Util_constructClock)
                  000156d4    00000054     OneLib.a : gattservapp.o (.text)
                  00015728    00000054              : hci_event.o (.text)
                  0001577c    00000054              : linkdb.o (.text)
                  000157d0    00000054              : ll.o (.text)
                  00015824    00000054     StackWrapper.a : osal_bufmgr.o (.text)
                  00015878    00000052     driverlib.lib : chipinfo.o (.text.NOROM_ChipInfo_GetHwRevision)
                  000158ca    00000052     OneLib.a : gap_centlinkmgr.o (.text)
                  0001591c    00000050     ti_drivers_config.o (.text.Board_shutDownExtFlash)
                  0001596c    00000050     display_cc26x2.a : Display.c.obj (.text.Display_doOpen)
                  000159bc    00000050     nvocmp.o (.text.NVOCMP_loadApiPtrsMin)
                  00015a0c    00000050     rf_multiMode_cc26x2.a : RFCC26X2_multiMode.c.cc26x2.ticlang.o (.text.RF_enableHPOSCTemperatureCompensation)
                  00015a5c    00000050                           : RFCC26X2_multiMode.c.cc26x2.ticlang.o (.text.RF_wakeupNotification)
                  00015aac    00000050     ti_sysbios_config.o (.text.ti_sysbios_knl_Swi_post)
                  00015afc    00000050     ti_sysbios_config.o (.text.ti_sysbios_knl_Swi_runLoop)
                  00015b4c    00000050     ti_sysbios_config.o (.text.ti_sysbios_knl_Task_schedule)
                  00015b9c    00000050     OneLib.a : gap_perilinkmgr.o (.text)
                  00015bec    00000050              : gap_scanner.o (.text)
                  00015c3c    00000050              : hci_tl.o (.text)
                  00015c8c    00000050              : ll_enc.o (.text)
                  00015cdc    00000050     StackWrapper.a : gattservapp_util.o (.text)
                  00015d2c    00000050                    : osal.o (.text)
                  00015d7c    00000050                    : osal_clock.o (.text)
                  00015dcc    0000004e     ti_drivers_config.o (.text.Board_sendExtFlashByte)
                  00015e1a    0000004e     nvocmp.o (.text.NVOCMP_readItem)
                  00015e68    0000004e     StackWrapper.a : gap.o (.text)
                  00015eb6    0000004c     drivers_cc26x2.a : AESECBCC26XX.c.obj (.text.AESECB_startOperation)
                  00015f02    00000002     rom_init.o (.text.MAP_llUpdateExtScanAcceptSyncInfo)
                  00015f04    0000004c     ti_sysbios_config.o (.text.BIOS_startFunc)
                  00015f50    0000004c     drivers_cc26x2.a : CryptoUtils.c.obj (.text.CryptoUtils_reverseCopyPad)
                  00015f9c    0000004c     icall.o (.text.ICall_newTask)
                  00015fe8    0000004c     driverlib.lib : osc.o (.text.NOROM_OSC_HPOSCRelativeFrequencyOffsetGet)
                  00016034    0000004c     nvocmp.o (.text.NVOCMP_setItemInactive)
                  00016080    0000004c     drivers_cc26x2.a : NVSCC26XX.c.obj (.text.NVSCC26XX_init)
                  000160cc    0000004c                      : NVSCC26XX.c.obj (.text.NVSCC26XX_read)
                  00016118    0000004c     simple_central.o (.text.SimpleCentral_doGattRead)
                  00016164    0000004c     drivers_cc26x2.a : StructRingBuf.c.obj (.text.StructRingBuf_get)
                  000161b0    0000004c     rf_multiMode_cc26x2.a : rf_patch_cpe_bt5.c.cc26x2.ticlang.o (.text.configureBt5Patch)
                  000161fc    0000004c     drivers_cc26x2.a : PowerCC26X2.c.obj (.text.switchXOSCHF)
                  00016248    0000004c     ti_sysbios_config.o (.text.ti_sysbios_knl_Swi_Instance_init)
                  00016294    0000004c     ti_sysbios_config.o (.text.ti_sysbios_runtime_Startup_exec)
                  000162e0    0000004c     OneLib.a : ble.o (.text)
                  0001632c    0000004c              : ll_scheduler.o (.text)
                  00016378    0000004c              : ll_scheduler.o (.text)
                  000163c4    00000048     driverlib.lib : aux_sysif.o (.text.NOROM_AUXSYSIFOpModeChange)
                  0001640c    00000048     rf_multiMode_cc26x2.a : rfc.c.cc26x2.ticlang.o (.text.NOROM_RFCSynthPowerDown)
                  00016454    00000048     drivers_cc26x2.a : NVS.c.obj (.text.NVS_open)
                  0001649c    00000048                      : PowerCC26X2.c.obj (.text.PowerCC26XX_switchXOSC_HF)
                  000164e4    00000048                      : TemperatureCC26X2.c.obj (.text.Temperature_registerNotifyRange)
                  0001652c    00000048     ti_sysbios_config.o (.text.ti_sysbios_family_arm_cc26xx_Timer_start)
                  00016574    00000048     OneLib.a : att_util.o (.text)
                  000165bc    00000048              : gattservapp.o (.text)
                  00016604    00000048              : ll.o (.text)
                  0001664c    00000048              : ll.o (.text)
                  00016694    00000048              : ll_common.o (.text)
                  000166dc    00000048              : ll_common.o (.text)
                  00016724    00000048              : ll_isr.o (.text)
                  0001676c    00000048              : ll_isr.o (.text)
                  000167b4    00000048     libclang_rt.builtins.a : fixdfsi.S.obj (.text)
                  000167fc    00000046     drivers_cc26x2.a : RingBuf.c.obj (.text.RingBuf_put)
                  00016842    00000002     rom_init.o (.text.MAP_llUpdatePeriodicAdvChainPacket)
                  00016844    00000044     ti_sysbios_config.o (.text.BIOS_atExitFunc)
                  00016888    00000044     drivers_cc26x2.a : GPIOCC26X2.c.obj (.text.GPIO_hwiIntFxn)
                  000168cc    00000044     icall.o (.text.ICall_getEntityId)
                  00016910    00000044     driverlib.lib : prcm.o (.text.NOROM_PRCMPowerDomainsAllOff)
                  00016954    00000044                   : prcm.o (.text.NOROM_PRCMPowerDomainsAllOn)
                  00016998    00000044     rf_multiMode_cc26x2.a : RFCC26X2_multiMode.c.cc26x2.ticlang.o (.text.RF_cmdGet)
                  000169dc    00000044                           : RFCC26X2_multiMode.c.cc26x2.ticlang.o (.text.RF_updatePowerupDuration)
                  00016a20    00000044     simple_central.o (.text.SimpleCentral_passcodeCb)
                  00016a64    00000044     drivers_cc26x2.a : TemperatureCC26X2.c.obj (.text.degreesToCode)
                  00016aa8    00000044                      : TemperatureCC26X2.c.obj (.text.setNextThresholds)
                  00016aec    00000044     two_btn_menu.o (.text.tbm_goTo)
                  00016b30    00000044     ti_sysbios_config.o (.text.ti_sysbios_family_arm_m3_Hwi_Instance_finalize)
                  00016b74    00000044     ti_sysbios_config.o (.text.ti_sysbios_family_arm_m3_Hwi_construct2)
                  00016bb8    00000044     ti_sysbios_config.o (.text.ti_sysbios_family_arm_m3_Hwi_disableInterrupt)
                  00016bfc    00000044     ti_sysbios_config.o (.text.ti_sysbios_family_arm_m3_Hwi_enableInterrupt)
                  00016c40    00000044     ti_sysbios_config.o (.text.ti_sysbios_knl_Swi_restore)
                  00016c84    00000044     OneLib.a : ll.o (.text)
                  00016cc8    00000044              : ll.o (.text)
                  00016d0c    00000044              : ll_common.o (.text)
                  00016d50    00000044     StackWrapper.a : osal.o (.text)
                  00016d94    00000044                    : osal_timers.o (.text)
                  00016dd8    00000044     libclang_rt.builtins.a : fixunsdfsi.S.obj (.text)
                  00016e1c    00000042     OneLib.a : ll.o (.text)
                  00016e5e    00000042              : ll_common.o (.text)
                  00016ea0    00000040     drivers_cc26x2.a : AESCTRDRBGXX.c.obj (.text.AESCTRDRBGXX_addBigendCounter)
                  00016ee0    00000040                      : ECDHCC26X2.c.obj (.text.ECDHCC26X2_waitForResult)
                  00016f20    00000040                      : GPIOCC26XX.c.obj (.text.GPIO_getConfig)
                  00016f60    00000040     icall.o (.text.ICall_setTimerMSecs)
                  00016fa0    00000040     drivers_cc26x2.a : PowerCC26X2_calibrateRCOSC.c.obj (.text.PowerCC26X2_RCOSC_clockFunc)
                  00016fe0    00000040                      : PowerCC26X2_calibrateRCOSC_helpers.c.obj (.text.PowerCC26X2_setAclkRefSrc)
                  00017020    00000040     rf_multiMode_cc26x2.a : RFCC26X2_multiMode.c.cc26x2.ticlang.o (.text.RF_updateHpOscOverride)
                  00017060    00000040     util.o (.text.Util_convertBdAddr2Str)
                  000170a0    00000040     drivers_cc26x2.a : NVSCC26XX.c.obj (.text.disableFlashCache)
                  000170e0    00000040     two_btn_menu.o (.text.tbm_buttonRight)
                  00017120    00000040     two_btn_menu.o (.text.tbm_findActiveItem)
                  00017160    00000040     ti_sysbios_config.o (.text.ti_sysbios_knl_Clock_getTicksUntilInterrupt)
                  000171a0    00000040     ti_sysbios_config.o (.text.ti_sysbios_knl_Task_exit)
                  000171e0    00000040     OneLib.a : gap_configmgr.o (.text)
                  00017220    00000040              : gattservapp.o (.text)
                  00017260    00000040              : linkdb.o (.text)
                  000172a0    00000040              : ll_common.o (.text)
                  000172e0    00000040              : ll_common.o (.text)
                  00017320    00000040              : sm_intpairing.o (.text)
                  00017360    00000040     StackWrapper.a : osal.o (.text)
                  000173a0    00000040                    : osal_bufmgr.o (.text)
                  000173e0    00000040                    : osal_bufmgr.o (.text)
                  00017420    00000040                    : osal_timers.o (.text)
                  00017460    0000003e     OneLib.a : ll_common.o (.text)
                  0001749e    00000002     rf_multiMode_cc26x2.a : rfc.c.cc26x2.ticlang.o (.text.NOROM_RFCCpePatchReset)
                  000174a0    0000003c     drivers_cc26x2.a : GPIO.c.obj (.text.GPIO_resetConfig)
                  000174dc    0000003c     ti_sysbios_config.o (.text.HwiP_construct)
                  00017518    0000003c     icall.o (.text.ICall_dispatch)
                  00017554    0000003c     driverlib.lib : sys_ctrl.o (.text.NOROM_SysCtrlIdle)
                  00017590    0000003c     nvocmp.o (.text.NVOCMP_getFreeNvApi)
                  000175cc    0000003c     drivers_cc26x2.a : PowerCC26X2_calibrateRCOSC_helpers.c.obj (.text.PowerCC26X2_setTdcClkSrc24M)
                  00017608    0000003c     ti_sysbios_config.o (.text.ti_sysbios_family_arm_cc26xx_Timer_periodicStub)
                  00017644    0000003c     ti_sysbios_config.o (.text.ti_sysbios_family_arm_cc26xx_Timer_setThreshold)
                  00017680    0000003c     ti_sysbios_config.o (.text.ti_sysbios_heaps_HeapCallback_construct)
                  000176bc    0000003c     ti_sysbios_config.o (.text.ti_sysbios_knl_ClockSupport_init)
                  000176f8    0000003c     ti_sysbios_config.o (.text.ti_sysbios_knl_Task_blockI)
                  00017734    0000003c     ti_sysbios_config.o (.text.ti_sysbios_knl_Task_create)
                  00017770    0000003c     ti_sysbios_config.o (.text.ti_sysbios_knl_Task_restore)
                  000177ac    0000003c     ti_sysbios_config.o (.text.ti_sysbios_runtime_Memory_alloc)
                  000177e8    0000003c     drivers_cc26x2.a : TemperatureCC26X2.c.obj (.text.updateThresholds)
                  00017824    0000003c     OneLib.a : gap_linkmgr.o (.text)
                  00017860    0000003c              : gattservapp.o (.text)
                  0001789c    0000003c              : gattservapp.o (.text)
                  000178d8    0000003c              : gattservapp.o (.text)
                  00017914    0000003c              : hci_event.o (.text)
                  00017950    0000003c              : hci_tl.o (.text)
                  0001798c    0000003c              : linkdb.o (.text)
                  000179c8    0000003c              : ll_ae.o (.text)
                  00017a04    0000003c     StackWrapper.a : osal.o (.text)
                  00017a40    0000003c                    : osal.o (.text)
                  00017a7c    0000003c                    : osal.o (.text)
                  00017ab8    0000003c                    : osal_timers.o (.text)
                  00017af4    0000003c                    : sm_ecc.o (.text)
                  00017b30    0000003a     drivers_cc26x2.a : CryptoUtils.c.obj (.text.CryptoUtils_copyPad)
                  00017b6a    0000003a     simple_central.o (.text.SimpleCentral_scanCb)
                  00017ba4    0000003a     ti_sysbios_config.o (.text.ti_sysbios_knl_Task_checkStacks)
                  00017bde    0000003a     StackWrapper.a : osal.o (.text)
                  00017c18    00000038     drivers_cc26x2.a : AESCTRCC26XX.c.obj (.text.AESCTR_cleanup)
                  00017c50    00000038                      : AESECBCC26XX.c.obj (.text.AESECB_cleanup)
                  00017c88    00000038     board_key.o (.text.GPIO_Board_keyCallback)
                  00017cc0    00000038     icall.o (.text.ICall_heapFree)
                  00017cf8    00000038     icall.o (.text.ICall_searchServiceEntity)
                  00017d30    00000038     nvocmp.o (.text.NVOCMP_disableCache)
                  00017d68    00000038     nvocmp.o (.text.NVOCMP_write)
                  00017da0    00000038     drivers_cc26x2.a : PowerCC26X2_helpers.c.obj (.text.PowerCC26X2_oscDisableQualifiers)
                  00017dd8    00000038                      : Random.c.obj (.text.Random_getNumber)
                  00017e10    00000038                      : RingBuf.c.obj (.text.RingBuf_putAdvance)
                  00017e48    00000038     simple_central.o (.text.SimpleCentral_createTask)
                  00017e80    00000038     drivers_cc26x2.a : UDMACC26XX.c.obj (.text.UDMACC26XX_close)
                  00017eb8    00000038     rf_multiMode_cc26x2.a : rf_patch_cpe_bt5.c.cc26x2.ticlang.o (.text.rf_patch_cpe_bt5)
                  00017ef0    00000038     ti_sysbios_config.o (.text.ti_sysbios_knl_Task_processVitalTaskFlag)
                  00017f28    00000038     OneLib.a : hci.o (.text)
                  00017f60    00000038              : linkdb.o (.text)
                  00017f98    00000038              : ll_ae.o (.text)
                  00017fd0    00000038              : ll_ae.o (.text)
                  00018008    00000038              : ll_scheduler.o (.text)
                  00018040    00000038              : sm_rsppairing.o (.text)
                  00018078    00000038     StackWrapper.a : gattservapp_util.o (.text)
                  000180b0    00000038                    : osal_timers.o (.text)
                  000180e8    00000038     libc.a : autoinit.c.obj (.text:__TI_auto_init_nobinit_nopinit)
                  00018120    00000038     libclang_rt.builtins.a : extendsfdf2.S.obj (.text)
                  00018158    00000036     drivers_cc26x2.a : CryptoUtils.c.obj (.text.CryptoUtils_buffersMatch)
                  0001818e    00000036     icall.o (.text.ICall_fetchServiceMsg)
                  000181c4    00000036     StackWrapper.a : ble_dispatch_lite.o (.text)
                  000181fa    00000002     rf_multiMode_cc26x2.a : RFCC26X2_multiMode.c.cc26x2.ticlang.o (.text.RF_defaultCallback)
                  000181fc    00000034     icall.o (.text.ICall_searchTask)
                  00018230    00000034     nvocmp.o (.text.NVOCMP_changePageState)
                  00018264    00000034     drivers_cc26x2.a : PowerCC26X2.c.obj (.text.Power_releaseConstraint)
                  00018298    00000034     rf_multiMode_cc26x2.a : RFCC26X2_multiMode.c.cc26x2.ticlang.o (.text.RF_powerConstraintRelease)
                  000182cc    00000034                           : RFCC26X2_multiMode.c.cc26x2.ticlang.o (.text.RF_runDirectImmediateCmd)
                  00018300    00000034     simple_central.o (.text.SimpleCentral_clockHandler)
                  00018334    00000034     simple_central.o (.text.SimpleCentral_enqueueMsg)
                  00018368    00000034     ti_sysbios_config.o (.text.SwiP_construct)
                  0001839c    00000034     drivers_cc26x2.a : UART2CC26X2.c.obj (.text.UART2Support_sendData)
                  000183d0    00000034                      : UART2.c.obj (.text.UART2_rxDisable)
                  00018404    00000034     util.o (.text.Util_enqueueMsg)
                  00018438    00000034     ti_sysbios_config.o (.text._pthread_cleanupFxn)
                  0001846c    00000034     ti_sysbios_config.o (.text.ti_sysbios_family_arm_m3_Hwi_getStackInfo)
                  000184a0    00000034     ti_sysbios_config.o (.text.ti_sysbios_family_arm_m3_Hwi_init)
                  000184d4    00000034     ti_sysbios_config.o (.text.ti_sysbios_knl_Clock_Instance_init)
                  00018508    00000034     ti_sysbios_config.o (.text.ti_sysbios_knl_Task_unblockI)
                  0001853c    00000034     ti_sysbios_config.o (.text.ti_sysbios_runtime_Error_raiseX)
                  00018570    00000034     OneLib.a : hci.o (.text)
                  000185a4    00000034              : ll_enc.o (.text)
                  000185d8    00000034              : ll_scheduler.o (.text)
                  0001860c    00000034              : ll_scheduler.o (.text)
                  00018640    00000034     StackWrapper.a : gapbondmgr.o (.text)
                  00018674    00000034                    : icall_startup.o (.text)
                  000186a8    00000034     sysbios.a : boot_cortex_m.obj (.text:_c_int00)
                  000186dc    00000032     ti_sysbios_config.o (.text.ti_sysbios_knl_Event_pendTimeout)
                  0001870e    00000032     ti_sysbios_config.o (.text.ti_sysbios_knl_Semaphore_pendTimeout)
                  00018740    00000030     ti_sysbios_config.o (.text.BIOS_init)
                  00018770    00000030     ti_drivers_config.o (.text.Board_wakeUpExtFlash)
                  000187a0    00000030     ti_sysbios_config.o (.text.ClockP_construct)
                  000187d0    00000030     drivers_cc26x2.a : ECDHCC26X2.c.obj (.text.ECDHCC26X2_getKeyResultMontgomery)
                  00018800    00000030     icall.o (.text.ICall_primEntityId2ServiceId)
                  00018830    00000030     drivers_cc26x2.a : NVSCC26XX.c.obj (.text.NVSCC26XX_erase)
                  00018860    00000030                      : PowerCC26X2.c.obj (.text.PowerCC26X2_enableHposcRtcCompensation)
                  00018890    00000030                      : PowerCC26X2.c.obj (.text.Power_setConstraint)
                  000188c0    00000030     rf_multiMode_cc26x2.a : RFCC26X2_multiMode.c.cc26x2.ticlang.o (.text.RF_checkCmdFsError)
                  000188f0    00000030     rom_init.o (.text.ROM_Init)
                  00018920    00000030     drivers_cc26x2.a : PowerCC26X2.c.obj (.text.notify)
                  00018950    00000030     two_btn_menu.o (.text.tbm_buttonLeft)
                  00018980    00000030     two_btn_menu.o (.text.tbm_initTwoBtnMenu)
                  000189b0    00000030     ti_sysbios_config.o (.text.ti_sysbios_family_arm_m3_Hwi_excHandlerMin)
                  000189e0    00000030     ti_sysbios_config.o (.text.ti_sysbios_knl_TaskSupport_start)
                  00018a10    00000030     ti_sysbios_config.o (.text.ti_sysbios_runtime_System_atexit)
                  00018a40    00000030     ti_sysbios_config.o (.text.ti_sysbios_runtime_System_processAtExit)
                  00018a70    00000030     OneLib.a : gap_scanner.o (.text)
                  00018aa0    00000030              : gattservapp.o (.text)
                  00018ad0    00000030              : ll_ae.o (.text)
                  00018b00    00000030              : ll_scheduler.o (.text)
                  00018b30    00000030     StackWrapper.a : osal_timers.o (.text)
                  00018b60    0000002e     driverlib.lib : chipinfo.o (.text.NOROM_ThisLibraryIsFor_CC13x2_CC26x2_HwRev20AndLater_HaltIfViolated)
                  00018b8e    0000002e     rf_multiMode_cc26x2.a : RFCC26X2_multiMode.c.cc26x2.ticlang.o (.text.RF_calculateDeltaTimeUs)
                  00018bbc    0000002e     drivers_cc26x2.a : RingBuf.c.obj (.text.RingBuf_getConsume)
                  00018bea    0000002e                      : RingBuf.c.obj (.text.RingBuf_putPointer)
                  00018c18    0000002e     simple_central.o (.text.SimpleCentral_pairStateCb)
                  00018c46    0000002e     OneLib.a : gattservapp.o (.text)
                  00018c74    0000002e     libclang_rt.builtins.a : floatsidf.S.obj (.text)
                  00018ca2    00000002     drivers_cc26x2.a : UART2CC26X2.c.obj (.text.UART2CC26X2_eventCallback)
                  00018ca4    0000002c     display_cc26x2.a : DisplayUart2.c.obj (.text.DisplayUart2Ansi_clear)
                  00018cd0    0000002c     icall_cc2650.o (.text.ICallPlatform_pwrDispenseImpl)
                  00018cfc    0000002c     icall_cc2650.o (.text.ICallPlatform_pwrRequireImpl)
                  00018d28    0000002c     icall.o (.text.ICall_getLocalMsgEntityId)
                  00018d54    0000002c     icall.o (.text.ICall_init)
                  00018d80    0000002c     nvocmp.o (.text.NVOCMP_setCompactHdr)
                  00018dac    0000002c     drivers_cc26x2.a : NVS.c.obj (.text.NVS_init)
[...]
20000fbb  l2capNumDataPkts                                                   
20000fbc  l2capNumPSM                                                        
20000fbd  l2capNumCoChannels                                                 
20000fbe  l2cap_gattServAppTaskID                                            
20000fbf  l2capId                                                            
20000fc1  linkDBNumConns                                                     
20000fc2  linkDB_secureConnectionOnlyMode                                    
20000fc3  maxPduSize                                                         
20000fc4  rfFeModeBias                                                       
20000fc5  defaultPhy                                                         
20000fc6  maxNumTxDataBufs                                                   
20000fc7  LL_TaskID                                                          
20000fc8  llState                                                            
20000fc9  rssiCorrection                                                     
20000fca  curTxPowerVal                                                      
20000fcb  maxTxPwrForDTM                                                     
20000fcc  onePktPerEvt                                                       
20000fcd  numComplPkts                                                       
20000fce  numComplPktsLimit                                                  
20000fcf  numComplPktsFlush                                                  
20000fd0  fastTxRespTime                                                     
20000fd1  slOverride                                                         
20000fd2  rxFifoFlowCtrl                                                     
20000fd3  numTxDataBufs                                                      
20000fd4  maxNumConns                                                        
20000fd5  aeCurHandle                                                        
20000fd6  aeCurAdvEnableHandle                                               
20000fd7  aeCurConnHandle                                                    
20000fd8  extScanIndex                                                       
20000fd9  extInitIndex                                                       
20000fda  scanState                                                          
20000fdb  lastPrimPhy                                                        
20000fdc  lastScanRsp                                                        
20000fdd  smTaskID                                                           
20000fde  SM_appExpectingKey                                                 
20001830  PowerCC26X2_module                                                 
20001a98  gapAttrTbl                                                         
20001b48  gpioPinConfigs                                                     
20001ca8  BIOS_Module_state                                                  
20001cd4  ti_sysbios_family_arm_m3_Hwi_Module_state                          
20001d10  ti_sysbios_runtime_Startup_done                                    
20001d13  ti_sysbios_knl_Idle_initDone                                       
20001d14  ti_sysbios_runtime_Memory_defaultHeapInstance                      
20001d2c  ti_sysbios_runtime_Error_ignore                                    
20001d38  ti_sysbios_family_arm_cc26xx_Timer_Module_state                    
20001d44  ti_sysbios_runtime_System_Module_state                             
20001d50  ti_sysbios_knl_Swi_Module_state                                    
20001d78  ti_sysbios_knl_Clock_Module_state                                  
20001e44  llUserConfig                                                       
20001ea8  pOverrides_bleCommon                                               
20001f60  txPowerTable_2400_pa5                                              
20001ff4  gattAttrTbl                                                        
20002034  sm_eccKeys_sc_host_debug                                           
20002074  nvintfFncStruct                                                    
200020b0  ti_sysbios_knl_Task_Module_state                                   
20002124  ICall_dispatcher                                                   
200021a8  autoConnect                                                        
200021b4  dispHandle                                                         
200021d0  eccParams_NISTP256                                                 
200021f4  pOverrides_ble2Mbps                                                
20002228  pOverrides_ble1Mbps                                                
20002240  attDeviceName                                                      
20002256  bleUserCfg_maxPduSize                                              
2000225c  ICall_enterCriticalSection                                         
20002260  ICall_leaveCriticalSection                                         
20002264  heapmgrMemFreeTotal                                                
2000226c  pOverrides_bleCoded                                                
20002294  DisplayUart2Ansi_escInitial                                        
200022a7  pairMode                                                           
200022a8  mitm                                                               
200022a9  ioCap                                                              
200022aa  bonding                                                            
200022ab  secureConnection                                                   
200022ac  authenPairingOnly                                                  
200022ad  autoSyncWL                                                         
200022ae  eccReGenPolicy                                                     
200022af  KeySize                                                            
200022b0  removeLRUBond                                                      
200022b1  bondFailAction                                                     
200022b2  KeyDistList                                                        
200022b3  eccDebugKeys                                                       
200022b4  allowDebugKeys                                                     
200022b5  eraseBondWhileInConn                                               
200022b6  sameIrkAction                                                      
200022b8  RF_modeBle                                                         
200022c8  _hposcCoeffs                                                       
200022d8  bleAppServiceInfoTable                                             
200022e8  user0Cfg                                                           
200022f8  gattAttrTbl_gatt_no_service_changed                                
20002308  sizeInfo                                                           
20002344  RFCC26XX_schedulerPolicy                                           
2000234c  ti_sysbios_gates_GateMutexPri_Module_state                         
20002354  ti_sysbios_heaps_HeapCallback_Module_state                         
2000235c  ti_sysbios_knl_Event_state                                         
20002364  ti_sysbios_knl_Semaphore_Module_state                              
2000236c  periConnParameters                                                 
20002374  patchedMasterCtrlPktList                                           
2000237c  DisplayUart2Ansi_escClearScreen                                    
20002381  PKAResourceCC26XX_pollingFlag                                      
20002382  disconnectImmedConnId                                              
20002388  _lock                                                              
2000238c  _unlock                                                            
20002390  appAssertCback                                                     
20002394  appKeyChangeHandler                                                
20002398  icallServiceTblPtr                                                 
2000239c  pRandomAddress                                                     
200023a0  pRfErrCb                                                           
200023a4  pfnBMAlloc                                                         
200023a8  pfnBMFree                                                          
200023ac  halAssertCback                                                     
200023b0  llUserConfig_maxPduSize                                            
200023b2  baseTaskID                                                         
200023be  deviceNameCharProps                                                
200023bf  appearanceCharProps                                                
200023c0  periConnParamCharProps                                             
200023c1  centAddrResCharProps                                               
200023c2  centAddrRes                                                        
200023c3  resolvablePrivateAddressOnlyCharProps                              
200023c4  GATTServApp_gatt_no_service_changed                                
200023c6  qosDefaultPriorityConnParameter                                    
200023c7  extScanChanMap                                                     
200023c8  sizeOfAllExtConnParam                                              
200023c9  rfRatHandle                                                        
200023ca  smAllowDebugKeysMode                                               
200023cb  gapEndAppTaskID                                                    
200023cc  gapAppTaskID                                                       
200023cd  legacyMode                                                         
200023d0  scTaskStack                                                        
200027d0  ti_sysbios_knl_Idle_taskStack                                      
20002d90  uart2CC26X2Objects                                                 
20003040  rfObject                                                           
20003140  ti_sysbios_family_arm_m3_Hwi_dispatchTable                         
20003218  extScanReportState                                                 
200032b8  trngCC26XXObjects                                                  
200033bc  gpioCallbackFunctions                                              
20003438  gpioUserArgs                                                       
200034b4  cbTimers                                                           
20003598  ti_sysbios_knl_ClockSupport_timerStruct                            
200035f8  scTask                                                             
20003650  ti_sysbios_knl_Idle_taskStruct                                     
200036a8  aesctrdrbgXXObjects                                                
200036fc  CryptoResourceCC26XX_accessSemaphore                               
2000374c  CryptoResourceCC26XX_operationSemaphore                            
2000379c  PKAResourceCC26XX_accessSemaphore                                  
200037ec  PKAResourceCC26XX_operationSemaphore                               
200038c4  aesctrCC26XXObjects                                                
20003940  nvFptrs                                                            
2000397c  ti_sysbios_knl_Swi_readyQs                                         
200039ac  ti_sysbios_knl_Task_readyQs                                        
200039dc  NVOCMP_nvHandle                                                    
20003a0a  appearance                                                         
20003a0c  llCteSamples                                                       
20003a30  aesecbCC26XXObjects                                                
20003a94  req                                                                
20003ab4  gapBond_remoteOobData                                              
20003ad4  gapBond_localOobData                                               
20003af4  ecdhCC26X2Objects                                                  
20003b14  ti_sysbios_runtime_System_atexitHandlers                           
20003b34  udmaCC26XXObject                                                   
20003b8c  BIOS_heapCallbackObject                                            
20003ba8  BIOS_rtsGate                                                       
20003bc4  CryptoResourceCC26XX_hwi                                           
20003be0  PKAResourceCC26XX_hwi                                              
20003bfc  deviceName                                                         
20003c14  aesccmCC26XXObjects                                                
20003c40  scMenuAutoConnect                                                  
20003c54  scMenuConnPhy                                                      
20003c68  scMenuConnect                                                      
20003c7c  scMenuGattWrite                                                    
20003c90  scMenuMain                                                         
20003ca4  scMenuPerConn                                                      
20003cb8  scMenuScanPhy                                                      
20003ccc  scMenuSelectConn                                                   
20003ce0  rfMode                                                             
20003cff  resolvablePrivateAddressOnly                                       
20003d00  llCteTest                                                          
20003d0c  cteAntennaProp                                                     
20003d18  llTaskList                                                         
20003d24  displayUart2Object                                                 
20003d38  defaultChannelMap                                                  
20003d40  secondaryAdvChannelMap                                             
20003d48  llRfCmdPreemption                                                  
20003d6c  ggs_AppCBs                                                         
20003d74  BDAddrPerConnHandle                                                
20003d78  llCte                                                              
20003d7c  extStackSettings                                                   
20003d80  llConnExtParam                                                     
20003d84  trngHandle                                                         
20003d88  LSTORecoveryArr                                                    
20003d8c  pNextAdvSet                                                        
20003d90  llCurrentMappedChan                                                
20003d94  drbgHandle                                                         
20003d98  pRpaCfg                                                            
20003d9c  gapBond_lruBondList                                                
20003da0  gapBondStateNodeHead                                               
20003da4  osal_syncHandle                                                    
20003da8  osal_icallMsg_hook                                                 
20003dac  osal_qHead                                                         
20003db0  osal_max_msecs                                                     
20003db4  osal_tickperiod                                                    
20003db8  osal_eventloop_hook                                                
20003dc4  OSAL_timeSeconds                                                   
20003dc8  timerHead                                                          
20003dd0  osal_last_timestamp                                                
20003dd4  HEAPMGR_SIZE                                                       
20003dd8  PowerCC26XX_swiKey                                                 
20003ddc  PowerCC26XX_taskKey                                                
20003de0  tasksEvents                                                        
20003de4  ti_sysbios_family_arm_cc26xx_TimestampProvider_Module_state        
20003de8  ti_sysbios_knl_Task_defaultStackHeap                               
20003dec  maximumPduSize                                                     
20003dee  extScanNumMissed                                                   
20003df0  pwrmgr_attribute                                                   
20003df2  GATTServApp_att_delayed_req                                        
20003df3  hciTaskID                                                          
20003df4  hciL2capTaskID                                                     
20003df5  hciGapTaskID                                                       
20003df6  hciSmpTaskID                                                       
20003df7  hciTestTaskID                                                      
20003df8  hciVsEvtMask                                                       
20003df9  scanReqRpt                                                         
20003dfa  secondaryAdvChannelMapPopCount                                     
20003dfb  qosDefaultPriorityInitParameter                                    
20003dfc  qosDefaultPriorityScnParameter                                     
20003dfd  maxNumCteDataBufs                                                  
20003dfe  numActiveAdvSets                                                   
20003dff  wlSize                                                             
20003e00  rlSize                                                             
20003e01  decryptResult                                                      
20003e02  llUnhandleNextIntFlag                                              
20003e03  smAuthenPairingOnlyMode                                            
20003e04  icall_liteTaskId                                                   
20003e05  gapBond_removeLRUBond                                              
20003e06  gapBond_syncRL                                                     
20003e07  assertSubcause                                                     
20003e08  osal_entity                                                        
20003e09  pwrmgr_initialized                                                 
20003e0a  NVOCMP_size                                                        
20003e0b  gAction                                                            
20003e0c  nvsCC26XXObjects                                                   
20003e0d  tbmRowItemLast                                                     
20003e0e  heapStart                                                          
20013c00  __stack                                                            
20013c00  heapEnd                                                            
20014000  __STACK_END                                                        
20014000  __STACK_TOP                                                        
20014000  __UNUSED_SRAM_end__                                                
ffffffff  __TI_pprof_out_hndl                                                
ffffffff  __TI_prof_data_size                                                
ffffffff  __TI_prof_data_start                                               
ffffffff  __binit__                                                          
ffffffff  binit                                                              
UNDEFED   ITM_flush                                                          
UNDEFED   ITM_restore                                                        
UNDEFED   __c_args__                                                         
UNDEFED   __mpu_init                                                         

[2605 symbols]
